[pandeytanish.github.io/LOGINPAGE/landing.html]
[backblue.gif]
[fade.gif]
[index.html]
[pandeytanish.github.io/LOGINPAGE/style.css]
[cdnjs.cloudflare.com/ajax/libs/font-awesome/5.14.0/css/all.min.css]
[maxcdn.bootstrapcdn.com/font-awesome/4.5.0/css/font-awesome.min.css]
[pandeytanish.github.io/LOGINPAGE/index2.html]
[pandeytanish.github.io/LOGINPAGE/why.html]
[pandeytanish.github.io/LOGINPAGE/about.html]
[pandeytanish.github.io/LOGINPAGE/login.html]
[pandeytanish.github.io/LOGINPAGE/register.html]
[pandeytanish.github.io/LOGINPAGE/landing.html]
[pandeytanish.github.io/LOGINPAGE/ios_14_wwdc_2020_iphone_12_ipados_blue_with_light_orange_stock_4k_hd_abstract.jpg]
[pandeytanish.github.io/LOGINPAGE/style.css]
[cdnjs.cloudflare.com/ajax/libs/font-awesome/5.14.0/css/all.min.css]
[maxcdn.bootstrapcdn.com/font-awesome/4.5.0/css/font-awesome.min.css]
[pandeytanish.github.io/LOGINPAGE/servicesnew.html]
[pandeytanish.github.io/LOGINPAGE/index2.html]
[pandeytanish.github.io/LOGINPAGE/why.css]
[pandeytanish.github.io/LOGINPAGE/why.html]
[pandeytanish.github.io/LOGINPAGE/about.html]
[pandeytanish.github.io/LOGINPAGE/about.css]
[pandeytanish.github.io/LOGINPAGE/login.css]
[pandeytanish.github.io/LOGINPAGE/forgot.html]
[pandeytanish.github.io/LOGINPAGE/login.html]
[pandeytanish.github.io/LOGINPAGE/register.html]
[pandeytanish.github.io/LOGINPAGE/services.css]
[pandeytanish.github.io/LOGINPAGE/servicesnew.html]
[pandeytanish.github.io/LOGINPAGE/why.css]
[pandeytanish.github.io/LOGINPAGE/bg3.jpg]
[pandeytanish.github.io/LOGINPAGE/SANHITA12.jfif]
[pandeytanish.github.io/LOGINPAGE/SAHIL12.jfif]
[pandeytanish.github.io/LOGINPAGE/SHIVAM12.jfif]
[pandeytanish.github.io/LOGINPAGE/TANISH12.jfif]
[pandeytanish.github.io/LOGINPAGE/about.css]
[pandeytanish.github.io/LOGINPAGE/login.css]
[pandeytanish.github.io/LOGINPAGE/forgot.html]
[pandeytanish.github.io/LOGINPAGE/services.css]
[pandeytanish.github.io/LOGINPAGE/bg3.html]
